Vivado Simulator v2021.2
Copyright 1986-1999, 2001-2021 Xilinx, Inc. All Rights Reserved.
Running: C:/Xilinx/Vivado/2021.2/bin/unwrapped/win64.o/xelab.exe --incr --debug typical --relax --mt 2 --maxdelay -L xil_defaultlib -L simprims_ver -L secureip --snapshot test_tb_time_synth -transport_int_delays -pulse_r 0 -pulse_int_r 0 -pulse_e 0 -pulse_int_e 0 xil_defaultlib.test_tb xil_defaultlib.glbl -log elaborate.log 
Using 2 slave threads.
Starting static elaboration
Pass Through NonSizing Optimizer
WARNING: [VRFC 10-2861] module 'UART' does not have a parameter named dbit [E:/Ducanh-xillin-ise/project_1/project_1.srcs/sim_1/new/test_tb.v:47]
WARNING: [VRFC 10-2861] module 'UART' does not have a parameter named sb_tick [E:/Ducanh-xillin-ise/project_1/project_1.srcs/sim_1/new/test_tb.v:48]
WARNING: [VRFC 10-2861] module 'UART' does not have a parameter named DVSR [E:/Ducanh-xillin-ise/project_1/project_1.srcs/sim_1/new/test_tb.v:49]
WARNING: [VRFC 10-2861] module 'UART' does not have a parameter named DVSR_BIT [E:/Ducanh-xillin-ise/project_1/project_1.srcs/sim_1/new/test_tb.v:50]
WARNING: [VRFC 10-2861] module 'UART' does not have a parameter named FIFO_W [E:/Ducanh-xillin-ise/project_1/project_1.srcs/sim_1/new/test_tb.v:51]
Completed static elaboration
Starting simulation data flow analysis
Completed simulation data flow analysis
INFO: [XSIM 43-3451] SDF backannotation process started with SDF file "test_tb_time_synth.sdf", for root module "test_tb/dut".
INFO: [XSIM 43-3452] SDF backannotation was successful for SDF file "test_tb_time_synth.sdf", for root module "test_tb/dut".
Time Resolution for simulation is 1ps
Compiling module simprims_ver.BUFG
Compiling module simprims_ver.IBUF
Compiling module simprims_ver.RAMD32
Compiling module simprims_ver.RAMS32
Compiling module xil_defaultlib.RAM32M_UNIQ_BASE_
Compiling module simprims_ver.x_lut2_mux4
Compiling module simprims_ver.LUT2
Compiling module xil_defaultlib.RAM32X1D_UNIQ_BASE_
Compiling module xil_defaultlib.RAM32X1D_HD1
Compiling module simprims_ver.LUT6
Compiling module simprims_ver.LUT4
Compiling module simprims_ver.FDPE_default
Compiling module simprims_ver.FDCE_default
Compiling module xil_defaultlib.FIFO_tx
Compiling module simprims_ver.OBUFT
Compiling module simprims_ver.x_lut3_mux8
Compiling module simprims_ver.LUT3
Compiling module simprims_ver.LUT5
Compiling module simprims_ver.OBUF
Compiling module xil_defaultlib.UART_transmitter
Compiling module xil_defaultlib.UART
Compiling module xil_defaultlib.test_tb
Compiling module xil_defaultlib.glbl
Built simulation snapshot test_tb_time_synth
